<!doctype html public "-//w3c//dtd html 4.0 transitional//en">
<html><head>
<title>Static Call Graph - [C:\Users\pratik2440\Desktop\Wearable tech\SYSTEM\GhostGlove v.1.1\Goldelox 1.0.axf]</title></head>
<body><HR>
<H1>Static Call Graph for image C:\Users\pratik2440\Desktop\Wearable tech\SYSTEM\GhostGlove v.1.1\Goldelox 1.0.axf</H1><HR>
<BR><P>#&#060CALLGRAPH&#062# ARM Linker, 5.02 [Build 28]: Last Updated: Sat Apr 18 16:21:42 2015
<BR><P>
<H3>Maximum Stack Usage =         88 bytes + Unknown(Functions without stacksize, Cycles, Untraceable Function Pointers)</H3><H3>
Call chain for Maximum Stack Depth:</H3>
main &rArr; app_desktop &rArr; app_desktop_renderscreen &rArr; app_clock &rArr; app_clock_renderscreen &rArr; gfx_sd_bmp
<P>
<H3>
Functions with no stack information
</H3><UL>
 <LI><a href="#[3]">Reset_Handler</a>
 <LI><a href="#[42]">__user_initial_stackheap</a>
 <LI><a href="#[4]">Undef_Handler</a>
 <LI><a href="#[5]">SWI_Handler</a>
 <LI><a href="#[6]">PAbt_Handler</a>
 <LI><a href="#[7]">DAbt_Handler</a>
 <LI><a href="#[8]">IRQ_Handler</a>
 <LI><a href="#[9]">FIQ_Handler</a>
</UL>
</UL>
<P>
<H3>
Mutually Recursive functions
</H3> <LI><a href="#[4]">Undef_Handler</a>&nbsp;&nbsp;&nbsp;&rArr;&nbsp;&nbsp;&nbsp;<a href="#[4]">Undef_Handler</a><BR>
 <LI><a href="#[5]">SWI_Handler</a>&nbsp;&nbsp;&nbsp;&rArr;&nbsp;&nbsp;&nbsp;<a href="#[5]">SWI_Handler</a><BR>
 <LI><a href="#[6]">PAbt_Handler</a>&nbsp;&nbsp;&nbsp;&rArr;&nbsp;&nbsp;&nbsp;<a href="#[6]">PAbt_Handler</a><BR>
 <LI><a href="#[7]">DAbt_Handler</a>&nbsp;&nbsp;&nbsp;&rArr;&nbsp;&nbsp;&nbsp;<a href="#[7]">DAbt_Handler</a><BR>
 <LI><a href="#[8]">IRQ_Handler</a>&nbsp;&nbsp;&nbsp;&rArr;&nbsp;&nbsp;&nbsp;<a href="#[8]">IRQ_Handler</a><BR>
 <LI><a href="#[9]">FIQ_Handler</a>&nbsp;&nbsp;&nbsp;&rArr;&nbsp;&nbsp;&nbsp;<a href="#[9]">FIQ_Handler</a><BR>
</UL>
<P>
<H3>
Function Pointers
</H3><UL>
 <LI><a href="#[7]">DAbt_Handler</a> from startup.o(RESET) referenced from startup.o(RESET)
 <LI><a href="#[9]">FIQ_Handler</a> from startup.o(RESET) referenced from startup.o(RESET)
 <LI><a href="#[8]">IRQ_Handler</a> from startup.o(RESET) referenced from startup.o(RESET)
 <LI><a href="#[6]">PAbt_Handler</a> from startup.o(RESET) referenced from startup.o(RESET)
 <LI><a href="#[3]">Reset_Handler</a> from startup.o(RESET) referenced from startup.o(RESET)
 <LI><a href="#[5]">SWI_Handler</a> from startup.o(RESET) referenced from startup.o(RESET)
 <LI><a href="#[4]">Undef_Handler</a> from startup.o(RESET) referenced from startup.o(RESET)
 <LI><a href="#[c]">__main</a> from __main.o(!!!main) referenced from startup.o(RESET)
 <LI><a href="#[b]">main</a> from main.o(.text) referenced from rtentry2.o(.ARM.Collect$$rtentry$$0000000D)
</UL>
<P>
<H3>
Global Symbols
</H3>
<P><STRONG><a name="[3]"></a>Reset_Handler</STRONG> (ARM, 0 bytes, Stack size unknown bytes, startup.o(RESET))
<BR>[Address Reference Count : 1]<UL><LI> startup.o(RESET)
</UL>
<P><STRONG><a name="[c]"></a>__main</STRONG> (ARM, 8 bytes, Stack size 0 bytes, __main.o(!!!main))
<BR><BR>[Calls]<UL><LI><a href="#[d]">&gt;&gt;</a>&nbsp;&nbsp;&nbsp;__scatterload
<LI><a href="#[e]">&gt;&gt;</a>&nbsp;&nbsp;&nbsp;__rt_entry
</UL>

<P><STRONG><a name="[d]"></a>__scatterload</STRONG> (ARM, 0 bytes, Stack size unknown bytes, __scatter.o(!!!scatter))
<BR><BR>[Called By]<UL><LI><a href="#[c]">&gt;&gt;</a>&nbsp;&nbsp;&nbsp;__main
</UL>

<P><STRONG><a name="[f]"></a>__scatterload_rt2</STRONG> (ARM, 52 bytes, Stack size unknown bytes, __scatter.o(!!!scatter), UNUSED)
<BR><BR>[Calls]<UL><LI><a href="#[e]">&gt;&gt;</a>&nbsp;&nbsp;&nbsp;__rt_entry
</UL>

<P><STRONG><a name="[45]"></a>__scatterload_null</STRONG> (ARM, 0 bytes, Stack size unknown bytes, __scatter.o(!!!scatter), UNUSED)

<P><STRONG><a name="[46]"></a>__scatterload_zeroinit</STRONG> (ARM, 44 bytes, Stack size unknown bytes, __scatter_zi.o(!!handler_zi), UNUSED)

<P><STRONG><a name="[13]"></a>__rt_lib_init</STRONG> (Thumb, 0 bytes, Stack size unknown bytes, libinit.o(.ARM.Collect$$libinit$$00000000))
<BR><BR>[Called By]<UL><LI><a href="#[12]">&gt;&gt;</a>&nbsp;&nbsp;&nbsp;__rt_entry_li (via Veneer)
</UL>

<P><STRONG><a name="[47]"></a>__rt_lib_init_alloca_1</STRONG> (Thumb, 0 bytes, Stack size unknown bytes, libinit2.o(.ARM.Collect$$libinit$$0000002C))

<P><STRONG><a name="[48]"></a>__rt_lib_init_argv_1</STRONG> (Thumb, 0 bytes, Stack size unknown bytes, libinit2.o(.ARM.Collect$$libinit$$0000002A))

<P><STRONG><a name="[49]"></a>__rt_lib_init_atexit_1</STRONG> (Thumb, 0 bytes, Stack size unknown bytes, libinit2.o(.ARM.Collect$$libinit$$00000019))

<P><STRONG><a name="[4a]"></a>__rt_lib_init_clock_1</STRONG> (Thumb, 0 bytes, Stack size unknown bytes, libinit2.o(.ARM.Collect$$libinit$$0000001F))

<P><STRONG><a name="[4b]"></a>__rt_lib_init_cpp_1</STRONG> (Thumb, 0 bytes, Stack size unknown bytes, libinit2.o(.ARM.Collect$$libinit$$00000030))

<P><STRONG><a name="[4c]"></a>__rt_lib_init_exceptions_1</STRONG> (Thumb, 0 bytes, Stack size unknown bytes, libinit2.o(.ARM.Collect$$libinit$$0000002E))

<P><STRONG><a name="[4d]"></a>__rt_lib_init_fp_1</STRONG> (Thumb, 0 bytes, Stack size unknown bytes, libinit2.o(.ARM.Collect$$libinit$$00000002))

<P><STRONG><a name="[4e]"></a>__rt_lib_init_fp_trap_1</STRONG> (Thumb, 0 bytes, Stack size unknown bytes, libinit2.o(.ARM.Collect$$libinit$$0000001D))

<P><STRONG><a name="[4f]"></a>__rt_lib_init_getenv_1</STRONG> (Thumb, 0 bytes, Stack size unknown bytes, libinit2.o(.ARM.Collect$$libinit$$00000021))

<P><STRONG><a name="[50]"></a>__rt_lib_init_heap_1</STRONG> (Thumb, 0 bytes, Stack size unknown bytes, libinit2.o(.ARM.Collect$$libinit$$00000008))

<P><STRONG><a name="[51]"></a>__rt_lib_init_lc_collate_1</STRONG> (Thumb, 0 bytes, Stack size unknown bytes, libinit2.o(.ARM.Collect$$libinit$$0000000F))

<P><STRONG><a name="[52]"></a>__rt_lib_init_lc_ctype_1</STRONG> (Thumb, 0 bytes, Stack size unknown bytes, libinit2.o(.ARM.Collect$$libinit$$00000011))

<P><STRONG><a name="[53]"></a>__rt_lib_init_lc_monetary_1</STRONG> (Thumb, 0 bytes, Stack size unknown bytes, libinit2.o(.ARM.Collect$$libinit$$00000013))

<P><STRONG><a name="[54]"></a>__rt_lib_init_lc_numeric_1</STRONG> (Thumb, 0 bytes, Stack size unknown bytes, libinit2.o(.ARM.Collect$$libinit$$00000015))

<P><STRONG><a name="[55]"></a>__rt_lib_init_lc_time_1</STRONG> (Thumb, 0 bytes, Stack size unknown bytes, libinit2.o(.ARM.Collect$$libinit$$00000017))

<P><STRONG><a name="[56]"></a>__rt_lib_init_rand_1</STRONG> (Thumb, 0 bytes, Stack size unknown bytes, libinit2.o(.ARM.Collect$$libinit$$0000000C))

<P><STRONG><a name="[57]"></a>__rt_lib_init_return</STRONG> (Thumb, 0 bytes, Stack size unknown bytes, libinit2.o(.ARM.Collect$$libinit$$00000031))

<P><STRONG><a name="[58]"></a>__rt_lib_init_signal_1</STRONG> (Thumb, 0 bytes, Stack size unknown bytes, libinit2.o(.ARM.Collect$$libinit$$0000001B))

<P><STRONG><a name="[59]"></a>__rt_lib_init_stdio_1</STRONG> (Thumb, 0 bytes, Stack size unknown bytes, libinit2.o(.ARM.Collect$$libinit$$00000023))

<P><STRONG><a name="[5a]"></a>__rt_lib_init_user_alloc_1</STRONG> (Thumb, 0 bytes, Stack size unknown bytes, libinit2.o(.ARM.Collect$$libinit$$0000000A))

<P><STRONG><a name="[17]"></a>__rt_lib_shutdown</STRONG> (Thumb, 0 bytes, Stack size unknown bytes, libshutdown.o(.ARM.Collect$$libshutdown$$00000000))
<BR><BR>[Called By]<UL><LI><a href="#[16]">&gt;&gt;</a>&nbsp;&nbsp;&nbsp;__rt_exit_ls (via Veneer)
</UL>

<P><STRONG><a name="[5b]"></a>__rt_lib_shutdown_fp_trap_1</STRONG> (Thumb, 0 bytes, Stack size unknown bytes, libshutdown2.o(.ARM.Collect$$libshutdown$$00000006))

<P><STRONG><a name="[5c]"></a>__rt_lib_shutdown_heap_1</STRONG> (Thumb, 0 bytes, Stack size unknown bytes, libshutdown2.o(.ARM.Collect$$libshutdown$$0000000E))

<P><STRONG><a name="[5d]"></a>__rt_lib_shutdown_return</STRONG> (Thumb, 0 bytes, Stack size unknown bytes, libshutdown2.o(.ARM.Collect$$libshutdown$$0000000F))

<P><STRONG><a name="[5e]"></a>__rt_lib_shutdown_signal_1</STRONG> (Thumb, 0 bytes, Stack size unknown bytes, libshutdown2.o(.ARM.Collect$$libshutdown$$00000009))

<P><STRONG><a name="[5f]"></a>__rt_lib_shutdown_stdio_1</STRONG> (Thumb, 0 bytes, Stack size unknown bytes, libshutdown2.o(.ARM.Collect$$libshutdown$$00000003))

<P><STRONG><a name="[60]"></a>__rt_lib_shutdown_user_alloc_1</STRONG> (Thumb, 0 bytes, Stack size unknown bytes, libshutdown2.o(.ARM.Collect$$libshutdown$$0000000B))

<P><STRONG><a name="[e]"></a>__rt_entry</STRONG> (ARM, 0 bytes, Stack size unknown bytes, rtentry.o(.ARM.Collect$$rtentry$$00000000))
<BR><BR>[Called By]<UL><LI><a href="#[f]">&gt;&gt;</a>&nbsp;&nbsp;&nbsp;__scatterload_rt2
<LI><a href="#[c]">&gt;&gt;</a>&nbsp;&nbsp;&nbsp;__main
</UL>

<P><STRONG><a name="[61]"></a>__rt_entry_presh_1</STRONG> (ARM, 0 bytes, Stack size unknown bytes, rtentry2.o(.ARM.Collect$$rtentry$$00000002))

<P><STRONG><a name="[10]"></a>__rt_entry_sh</STRONG> (ARM, 0 bytes, Stack size unknown bytes, rtentry4.o(.ARM.Collect$$rtentry$$00000004))
<BR><BR>[Stack]<UL><LI>Max Depth = 8 + Unknown Stack Size
<LI>Call Chain = __rt_entry_sh &rArr; __user_setup_stackheap
</UL>
<BR>[Calls]<UL><LI><a href="#[11]">&gt;&gt;</a>&nbsp;&nbsp;&nbsp;__user_setup_stackheap
</UL>

<P><STRONG><a name="[12]"></a>__rt_entry_li</STRONG> (ARM, 0 bytes, Stack size unknown bytes, rtentry2.o(.ARM.Collect$$rtentry$$0000000A))
<BR><BR>[Calls]<UL><LI><a href="#[13]">&gt;&gt;</a>&nbsp;&nbsp;&nbsp;__rt_lib_init (via Veneer)
</UL>

<P><STRONG><a name="[62]"></a>__rt_entry_postsh_1</STRONG> (ARM, 0 bytes, Stack size unknown bytes, rtentry2.o(.ARM.Collect$$rtentry$$00000009))

<P><STRONG><a name="[14]"></a>__rt_entry_main</STRONG> (ARM, 0 bytes, Stack size unknown bytes, rtentry2.o(.ARM.Collect$$rtentry$$0000000D))
<BR><BR>[Calls]<UL><LI><a href="#[15]">&gt;&gt;</a>&nbsp;&nbsp;&nbsp;exit (via BX)
</UL>

<P><STRONG><a name="[63]"></a>__rt_entry_postli_1</STRONG> (ARM, 0 bytes, Stack size unknown bytes, rtentry2.o(.ARM.Collect$$rtentry$$0000000C))

<P><STRONG><a name="[44]"></a>__rt_exit</STRONG> (ARM, 0 bytes, Stack size unknown bytes, rtexit.o(.ARM.Collect$$rtexit$$00000000))
<BR><BR>[Called By]<UL><LI><a href="#[15]">&gt;&gt;</a>&nbsp;&nbsp;&nbsp;exit (via Veneer)
</UL>

<P><STRONG><a name="[16]"></a>__rt_exit_ls</STRONG> (ARM, 0 bytes, Stack size unknown bytes, rtexit2.o(.ARM.Collect$$rtexit$$00000003))
<BR><BR>[Calls]<UL><LI><a href="#[17]">&gt;&gt;</a>&nbsp;&nbsp;&nbsp;__rt_lib_shutdown (via Veneer)
</UL>

<P><STRONG><a name="[64]"></a>__rt_exit_prels_1</STRONG> (ARM, 0 bytes, Stack size unknown bytes, rtexit2.o(.ARM.Collect$$rtexit$$00000002))

<P><STRONG><a name="[18]"></a>__rt_exit_exit</STRONG> (ARM, 0 bytes, Stack size unknown bytes, rtexit2.o(.ARM.Collect$$rtexit$$00000004))
<BR><BR>[Calls]<UL><LI><a href="#[19]">&gt;&gt;</a>&nbsp;&nbsp;&nbsp;_sys_exit (via Veneer)
</UL>

<P><STRONG><a name="[42]"></a>__user_initial_stackheap</STRONG> (ARM, 0 bytes, Stack size unknown bytes, startup.o(.text))
<BR><BR>[Called By]<UL><LI><a href="#[11]">&gt;&gt;</a>&nbsp;&nbsp;&nbsp;__user_setup_stackheap
</UL>

<P><STRONG><a name="[65]"></a>gfx_primitive</STRONG> (ARM, 4 bytes, Stack size 0 bytes, goldelox_core.o(.text), UNUSED)

<P><STRONG><a name="[1a]"></a>gfx_autobaud</STRONG> (ARM, 28 bytes, Stack size 8 bytes, goldelox_core.o(.text))
<BR><BR>[Stack]<UL><LI>Max Depth = 8<LI>Call Chain = gfx_autobaud
</UL>
<BR>[Calls]<UL><LI><a href="#[1b]">&gt;&gt;</a>&nbsp;&nbsp;&nbsp;gfx_sendbyte
<LI><a href="#[1c]">&gt;&gt;</a>&nbsp;&nbsp;&nbsp;gfx_getbyte
</UL>
<BR>[Called By]<UL><LI><a href="#[1d]">&gt;&gt;</a>&nbsp;&nbsp;&nbsp;gfx_boot
</UL>

<P><STRONG><a name="[1d]"></a>gfx_boot</STRONG> (ARM, 48 bytes, Stack size 8 bytes, goldelox_core.o(.text))
<BR><BR>[Stack]<UL><LI>Max Depth = 16<LI>Call Chain = gfx_boot &rArr; gfx_autobaud
</UL>
<BR>[Calls]<UL><LI><a href="#[1e]">&gt;&gt;</a>&nbsp;&nbsp;&nbsp;init_CPU_busy_LED
<LI><a href="#[1f]">&gt;&gt;</a>&nbsp;&nbsp;&nbsp;gfx_interface_init
<LI><a href="#[1a]">&gt;&gt;</a>&nbsp;&nbsp;&nbsp;gfx_autobaud
</UL>
<BR>[Called By]<UL><LI><a href="#[b]">&gt;&gt;</a>&nbsp;&nbsp;&nbsp;main
</UL>

<P><STRONG><a name="[20]"></a>gfx_info</STRONG> (ARM, 48 bytes, Stack size 8 bytes, goldelox_core.o(.text), UNUSED)
<BR><BR>[Calls]<UL><LI><a href="#[1b]">&gt;&gt;</a>&nbsp;&nbsp;&nbsp;gfx_sendbyte
<LI><a href="#[1c]">&gt;&gt;</a>&nbsp;&nbsp;&nbsp;gfx_getbyte
</UL>

<P><STRONG><a name="[21]"></a>gfx_replacebackcolor</STRONG> (ARM, 68 bytes, Stack size 8 bytes, goldelox_core.o(.text), UNUSED)
<BR><BR>[Calls]<UL><LI><a href="#[1b]">&gt;&gt;</a>&nbsp;&nbsp;&nbsp;gfx_sendbyte
<LI><a href="#[1c]">&gt;&gt;</a>&nbsp;&nbsp;&nbsp;gfx_getbyte
</UL>

<P><STRONG><a name="[22]"></a>gfx_clearscreen</STRONG> (ARM, 48 bytes, Stack size 8 bytes, goldelox_core.o(.text))
<BR><BR>[Stack]<UL><LI>Max Depth = 8<LI>Call Chain = gfx_clearscreen
</UL>
<BR>[Calls]<UL><LI><a href="#[1b]">&gt;&gt;</a>&nbsp;&nbsp;&nbsp;gfx_sendbyte
<LI><a href="#[1c]">&gt;&gt;</a>&nbsp;&nbsp;&nbsp;gfx_getbyte
</UL>
<BR>[Called By]<UL><LI><a href="#[3d]">&gt;&gt;</a>&nbsp;&nbsp;&nbsp;app_clock_renderscreen
<LI><a href="#[3a]">&gt;&gt;</a>&nbsp;&nbsp;&nbsp;app_desktop_renderscreen
<LI><a href="#[b]">&gt;&gt;</a>&nbsp;&nbsp;&nbsp;main
</UL>

<P><STRONG><a name="[23]"></a>gfx_displayoff</STRONG> (ARM, 64 bytes, Stack size 8 bytes, goldelox_core.o(.text), UNUSED)
<BR><BR>[Calls]<UL><LI><a href="#[1b]">&gt;&gt;</a>&nbsp;&nbsp;&nbsp;gfx_sendbyte
<LI><a href="#[1c]">&gt;&gt;</a>&nbsp;&nbsp;&nbsp;gfx_getbyte
</UL>

<P><STRONG><a name="[24]"></a>gfx_displayon</STRONG> (ARM, 64 bytes, Stack size 8 bytes, goldelox_core.o(.text), UNUSED)
<BR><BR>[Calls]<UL><LI><a href="#[1b]">&gt;&gt;</a>&nbsp;&nbsp;&nbsp;gfx_sendbyte
<LI><a href="#[1c]">&gt;&gt;</a>&nbsp;&nbsp;&nbsp;gfx_getbyte
</UL>

<P><STRONG><a name="[25]"></a>gfx_setcontrast</STRONG> (ARM, 68 bytes, Stack size 8 bytes, goldelox_core.o(.text), UNUSED)
<BR><BR>[Calls]<UL><LI><a href="#[1b]">&gt;&gt;</a>&nbsp;&nbsp;&nbsp;gfx_sendbyte
<LI><a href="#[1c]">&gt;&gt;</a>&nbsp;&nbsp;&nbsp;gfx_getbyte
</UL>

<P><STRONG><a name="[26]"></a>gfx_sleep</STRONG> (ARM, 64 bytes, Stack size 8 bytes, goldelox_core.o(.text), UNUSED)
<BR><BR>[Calls]<UL><LI><a href="#[1b]">&gt;&gt;</a>&nbsp;&nbsp;&nbsp;gfx_sendbyte
<LI><a href="#[1c]">&gt;&gt;</a>&nbsp;&nbsp;&nbsp;gfx_getbyte
</UL>

<P><STRONG><a name="[27]"></a>gfx_sound</STRONG> (ARM, 88 bytes, Stack size 16 bytes, goldelox_core.o(.text), UNUSED)
<BR><BR>[Calls]<UL><LI><a href="#[1b]">&gt;&gt;</a>&nbsp;&nbsp;&nbsp;gfx_sendbyte
<LI><a href="#[1c]">&gt;&gt;</a>&nbsp;&nbsp;&nbsp;gfx_getbyte
</UL>

<P><STRONG><a name="[28]"></a>gfx_circle</STRONG> (ARM, 124 bytes, Stack size 24 bytes, goldelox_core.o(.text), UNUSED)
<BR><BR>[Calls]<UL><LI><a href="#[1b]">&gt;&gt;</a>&nbsp;&nbsp;&nbsp;gfx_sendbyte
<LI><a href="#[1c]">&gt;&gt;</a>&nbsp;&nbsp;&nbsp;gfx_getbyte
</UL>

<P><STRONG><a name="[29]"></a>gfx_disc</STRONG> (ARM, 124 bytes, Stack size 24 bytes, goldelox_core.o(.text), UNUSED)
<BR><BR>[Calls]<UL><LI><a href="#[1b]">&gt;&gt;</a>&nbsp;&nbsp;&nbsp;gfx_sendbyte
<LI><a href="#[1c]">&gt;&gt;</a>&nbsp;&nbsp;&nbsp;gfx_getbyte
</UL>

<P><STRONG><a name="[2a]"></a>gfx_triangle</STRONG> (ARM, 160 bytes, Stack size 32 bytes, goldelox_core.o(.text), UNUSED)
<BR><BR>[Calls]<UL><LI><a href="#[1b]">&gt;&gt;</a>&nbsp;&nbsp;&nbsp;gfx_sendbyte
<LI><a href="#[1c]">&gt;&gt;</a>&nbsp;&nbsp;&nbsp;gfx_getbyte
</UL>

<P><STRONG><a name="[2b]"></a>gfx_drawbitmap</STRONG> (ARM, 172 bytes, Stack size 24 bytes, goldelox_core.o(.text), UNUSED)
<BR><BR>[Calls]<UL><LI><a href="#[1b]">&gt;&gt;</a>&nbsp;&nbsp;&nbsp;gfx_sendbyte
<LI><a href="#[1c]">&gt;&gt;</a>&nbsp;&nbsp;&nbsp;gfx_getbyte
</UL>

<P><STRONG><a name="[2c]"></a>gfx_setbackcolor</STRONG> (ARM, 68 bytes, Stack size 8 bytes, goldelox_core.o(.text), UNUSED)
<BR><BR>[Calls]<UL><LI><a href="#[1b]">&gt;&gt;</a>&nbsp;&nbsp;&nbsp;gfx_sendbyte
<LI><a href="#[1c]">&gt;&gt;</a>&nbsp;&nbsp;&nbsp;gfx_getbyte
</UL>

<P><STRONG><a name="[2d]"></a>gfx_line</STRONG> (ARM, 116 bytes, Stack size 24 bytes, goldelox_core.o(.text), UNUSED)
<BR><BR>[Calls]<UL><LI><a href="#[1b]">&gt;&gt;</a>&nbsp;&nbsp;&nbsp;gfx_sendbyte
<LI><a href="#[1c]">&gt;&gt;</a>&nbsp;&nbsp;&nbsp;gfx_getbyte
</UL>

<P><STRONG><a name="[2e]"></a>gfx_putpixel</STRONG> (ARM, 92 bytes, Stack size 16 bytes, goldelox_core.o(.text), UNUSED)
<BR><BR>[Calls]<UL><LI><a href="#[1b]">&gt;&gt;</a>&nbsp;&nbsp;&nbsp;gfx_sendbyte
<LI><a href="#[1c]">&gt;&gt;</a>&nbsp;&nbsp;&nbsp;gfx_getbyte
</UL>

<P><STRONG><a name="[2f]"></a>gfx_rectangle</STRONG> (ARM, 140 bytes, Stack size 32 bytes, goldelox_core.o(.text), UNUSED)
<BR><BR>[Calls]<UL><LI><a href="#[1b]">&gt;&gt;</a>&nbsp;&nbsp;&nbsp;gfx_sendbyte
<LI><a href="#[1c]">&gt;&gt;</a>&nbsp;&nbsp;&nbsp;gfx_getbyte
</UL>

<P><STRONG><a name="[30]"></a>gfx_fontsize</STRONG> (ARM, 60 bytes, Stack size 8 bytes, goldelox_core.o(.text), UNUSED)
<BR><BR>[Calls]<UL><LI><a href="#[1b]">&gt;&gt;</a>&nbsp;&nbsp;&nbsp;gfx_sendbyte
<LI><a href="#[1c]">&gt;&gt;</a>&nbsp;&nbsp;&nbsp;gfx_getbyte
</UL>

<P><STRONG><a name="[31]"></a>gfx_textmode</STRONG> (ARM, 60 bytes, Stack size 8 bytes, goldelox_core.o(.text), UNUSED)
<BR><BR>[Calls]<UL><LI><a href="#[1b]">&gt;&gt;</a>&nbsp;&nbsp;&nbsp;gfx_sendbyte
<LI><a href="#[1c]">&gt;&gt;</a>&nbsp;&nbsp;&nbsp;gfx_getbyte
</UL>

<P><STRONG><a name="[32]"></a>gfx_formattedtext</STRONG> (ARM, 160 bytes, Stack size 24 bytes, goldelox_core.o(.text), UNUSED)
<BR><BR>[Calls]<UL><LI><a href="#[1b]">&gt;&gt;</a>&nbsp;&nbsp;&nbsp;gfx_sendbyte
<LI><a href="#[1c]">&gt;&gt;</a>&nbsp;&nbsp;&nbsp;gfx_getbyte
</UL>

<P><STRONG><a name="[33]"></a>gfx_sd_setaddr</STRONG> (ARM, 100 bytes, Stack size 8 bytes, goldelox_core.o(.text), UNUSED)
<BR><BR>[Calls]<UL><LI><a href="#[1b]">&gt;&gt;</a>&nbsp;&nbsp;&nbsp;gfx_sendbyte
<LI><a href="#[1c]">&gt;&gt;</a>&nbsp;&nbsp;&nbsp;gfx_getbyte
</UL>

<P><STRONG><a name="[34]"></a>gfx_sd_object</STRONG> (ARM, 100 bytes, Stack size 8 bytes, goldelox_core.o(.text), UNUSED)
<BR><BR>[Calls]<UL><LI><a href="#[1b]">&gt;&gt;</a>&nbsp;&nbsp;&nbsp;gfx_sendbyte
<LI><a href="#[1c]">&gt;&gt;</a>&nbsp;&nbsp;&nbsp;gfx_getbyte
</UL>

<P><STRONG><a name="[35]"></a>gfx_sd_bmp</STRONG> (ARM, 144 bytes, Stack size 32 bytes, goldelox_core.o(.text))
<BR><BR>[Stack]<UL><LI>Max Depth = 32<LI>Call Chain = gfx_sd_bmp
</UL>
<BR>[Calls]<UL><LI><a href="#[1b]">&gt;&gt;</a>&nbsp;&nbsp;&nbsp;gfx_sendbyte
<LI><a href="#[1c]">&gt;&gt;</a>&nbsp;&nbsp;&nbsp;gfx_getbyte
</UL>
<BR>[Called By]<UL><LI><a href="#[3d]">&gt;&gt;</a>&nbsp;&nbsp;&nbsp;app_clock_renderscreen
<LI><a href="#[3b]">&gt;&gt;</a>&nbsp;&nbsp;&nbsp;sys_statusbar_render
</UL>

<P><STRONG><a name="[36]"></a>gfx_sd_init</STRONG> (ARM, 56 bytes, Stack size 8 bytes, goldelox_core.o(.text))
<BR><BR>[Stack]<UL><LI>Max Depth = 8<LI>Call Chain = gfx_sd_init
</UL>
<BR>[Calls]<UL><LI><a href="#[1b]">&gt;&gt;</a>&nbsp;&nbsp;&nbsp;gfx_sendbyte
<LI><a href="#[1c]">&gt;&gt;</a>&nbsp;&nbsp;&nbsp;gfx_getbyte
</UL>
<BR>[Called By]<UL><LI><a href="#[b]">&gt;&gt;</a>&nbsp;&nbsp;&nbsp;main
</UL>

<P><STRONG><a name="[37]"></a>delay_us</STRONG> (ARM, 40 bytes, Stack size 0 bytes, goldelox_interface.o(.text))
<BR><BR>[Called By]<UL><LI><a href="#[1f]">&gt;&gt;</a>&nbsp;&nbsp;&nbsp;gfx_interface_init
</UL>

<P><STRONG><a name="[1f]"></a>gfx_interface_init</STRONG> (ARM, 60 bytes, Stack size 4 bytes, goldelox_interface.o(.text))
<BR><BR>[Stack]<UL><LI>Max Depth = 4<LI>Call Chain = gfx_interface_init
</UL>
<BR>[Calls]<UL><LI><a href="#[37]">&gt;&gt;</a>&nbsp;&nbsp;&nbsp;delay_us
</UL>
<BR>[Called By]<UL><LI><a href="#[1d]">&gt;&gt;</a>&nbsp;&nbsp;&nbsp;gfx_boot
</UL>

<P><STRONG><a name="[1b]"></a>gfx_sendbyte</STRONG> (ARM, 32 bytes, Stack size 0 bytes, goldelox_interface.o(.text))
<BR><BR>[Called By]<UL><LI><a href="#[36]">&gt;&gt;</a>&nbsp;&nbsp;&nbsp;gfx_sd_init
<LI><a href="#[35]">&gt;&gt;</a>&nbsp;&nbsp;&nbsp;gfx_sd_bmp
<LI><a href="#[34]">&gt;&gt;</a>&nbsp;&nbsp;&nbsp;gfx_sd_object
<LI><a href="#[33]">&gt;&gt;</a>&nbsp;&nbsp;&nbsp;gfx_sd_setaddr
<LI><a href="#[32]">&gt;&gt;</a>&nbsp;&nbsp;&nbsp;gfx_formattedtext
<LI><a href="#[31]">&gt;&gt;</a>&nbsp;&nbsp;&nbsp;gfx_textmode
<LI><a href="#[30]">&gt;&gt;</a>&nbsp;&nbsp;&nbsp;gfx_fontsize
<LI><a href="#[2f]">&gt;&gt;</a>&nbsp;&nbsp;&nbsp;gfx_rectangle
<LI><a href="#[2e]">&gt;&gt;</a>&nbsp;&nbsp;&nbsp;gfx_putpixel
<LI><a href="#[2d]">&gt;&gt;</a>&nbsp;&nbsp;&nbsp;gfx_line
<LI><a href="#[2c]">&gt;&gt;</a>&nbsp;&nbsp;&nbsp;gfx_setbackcolor
<LI><a href="#[2b]">&gt;&gt;</a>&nbsp;&nbsp;&nbsp;gfx_drawbitmap
<LI><a href="#[2a]">&gt;&gt;</a>&nbsp;&nbsp;&nbsp;gfx_triangle
<LI><a href="#[29]">&gt;&gt;</a>&nbsp;&nbsp;&nbsp;gfx_disc
<LI><a href="#[28]">&gt;&gt;</a>&nbsp;&nbsp;&nbsp;gfx_circle
<LI><a href="#[27]">&gt;&gt;</a>&nbsp;&nbsp;&nbsp;gfx_sound
<LI><a href="#[26]">&gt;&gt;</a>&nbsp;&nbsp;&nbsp;gfx_sleep
<LI><a href="#[25]">&gt;&gt;</a>&nbsp;&nbsp;&nbsp;gfx_setcontrast
<LI><a href="#[24]">&gt;&gt;</a>&nbsp;&nbsp;&nbsp;gfx_displayon
<LI><a href="#[23]">&gt;&gt;</a>&nbsp;&nbsp;&nbsp;gfx_displayoff
<LI><a href="#[22]">&gt;&gt;</a>&nbsp;&nbsp;&nbsp;gfx_clearscreen
<LI><a href="#[21]">&gt;&gt;</a>&nbsp;&nbsp;&nbsp;gfx_replacebackcolor
<LI><a href="#[20]">&gt;&gt;</a>&nbsp;&nbsp;&nbsp;gfx_info
<LI><a href="#[1a]">&gt;&gt;</a>&nbsp;&nbsp;&nbsp;gfx_autobaud
</UL>

<P><STRONG><a name="[1c]"></a>gfx_getbyte</STRONG> (ARM, 32 bytes, Stack size 0 bytes, goldelox_interface.o(.text))
<BR><BR>[Called By]<UL><LI><a href="#[36]">&gt;&gt;</a>&nbsp;&nbsp;&nbsp;gfx_sd_init
<LI><a href="#[35]">&gt;&gt;</a>&nbsp;&nbsp;&nbsp;gfx_sd_bmp
<LI><a href="#[34]">&gt;&gt;</a>&nbsp;&nbsp;&nbsp;gfx_sd_object
<LI><a href="#[33]">&gt;&gt;</a>&nbsp;&nbsp;&nbsp;gfx_sd_setaddr
<LI><a href="#[32]">&gt;&gt;</a>&nbsp;&nbsp;&nbsp;gfx_formattedtext
<LI><a href="#[31]">&gt;&gt;</a>&nbsp;&nbsp;&nbsp;gfx_textmode
<LI><a href="#[30]">&gt;&gt;</a>&nbsp;&nbsp;&nbsp;gfx_fontsize
<LI><a href="#[2f]">&gt;&gt;</a>&nbsp;&nbsp;&nbsp;gfx_rectangle
<LI><a href="#[2e]">&gt;&gt;</a>&nbsp;&nbsp;&nbsp;gfx_putpixel
<LI><a href="#[2d]">&gt;&gt;</a>&nbsp;&nbsp;&nbsp;gfx_line
<LI><a href="#[2c]">&gt;&gt;</a>&nbsp;&nbsp;&nbsp;gfx_setbackcolor
<LI><a href="#[2b]">&gt;&gt;</a>&nbsp;&nbsp;&nbsp;gfx_drawbitmap
<LI><a href="#[2a]">&gt;&gt;</a>&nbsp;&nbsp;&nbsp;gfx_triangle
<LI><a href="#[29]">&gt;&gt;</a>&nbsp;&nbsp;&nbsp;gfx_disc
<LI><a href="#[28]">&gt;&gt;</a>&nbsp;&nbsp;&nbsp;gfx_circle
<LI><a href="#[27]">&gt;&gt;</a>&nbsp;&nbsp;&nbsp;gfx_sound
<LI><a href="#[26]">&gt;&gt;</a>&nbsp;&nbsp;&nbsp;gfx_sleep
<LI><a href="#[25]">&gt;&gt;</a>&nbsp;&nbsp;&nbsp;gfx_setcontrast
<LI><a href="#[24]">&gt;&gt;</a>&nbsp;&nbsp;&nbsp;gfx_displayon
<LI><a href="#[23]">&gt;&gt;</a>&nbsp;&nbsp;&nbsp;gfx_displayoff
<LI><a href="#[22]">&gt;&gt;</a>&nbsp;&nbsp;&nbsp;gfx_clearscreen
<LI><a href="#[21]">&gt;&gt;</a>&nbsp;&nbsp;&nbsp;gfx_replacebackcolor
<LI><a href="#[20]">&gt;&gt;</a>&nbsp;&nbsp;&nbsp;gfx_info
<LI><a href="#[1a]">&gt;&gt;</a>&nbsp;&nbsp;&nbsp;gfx_autobaud
</UL>

<P><STRONG><a name="[38]"></a>delay</STRONG> (ARM, 40 bytes, Stack size 0 bytes, main.o(.text))
<BR><BR>[Called By]<UL><LI><a href="#[b]">&gt;&gt;</a>&nbsp;&nbsp;&nbsp;main
</UL>

<P><STRONG><a name="[b]"></a>main</STRONG> (ARM, 56 bytes, Stack size 0 bytes, main.o(.text))
<BR><BR>[Stack]<UL><LI>Max Depth = 88<LI>Call Chain = main &rArr; app_desktop &rArr; app_desktop_renderscreen &rArr; app_clock &rArr; app_clock_renderscreen &rArr; gfx_sd_bmp
</UL>
<BR>[Calls]<UL><LI><a href="#[39]">&gt;&gt;</a>&nbsp;&nbsp;&nbsp;app_desktop
<LI><a href="#[38]">&gt;&gt;</a>&nbsp;&nbsp;&nbsp;delay
<LI><a href="#[1e]">&gt;&gt;</a>&nbsp;&nbsp;&nbsp;init_CPU_busy_LED
<LI><a href="#[36]">&gt;&gt;</a>&nbsp;&nbsp;&nbsp;gfx_sd_init
<LI><a href="#[22]">&gt;&gt;</a>&nbsp;&nbsp;&nbsp;gfx_clearscreen
<LI><a href="#[1d]">&gt;&gt;</a>&nbsp;&nbsp;&nbsp;gfx_boot
</UL>
<BR>[Address Reference Count : 1]<UL><LI> rtentry2.o(.ARM.Collect$$rtentry$$0000000D)
</UL>
<P><STRONG><a name="[1e]"></a>init_CPU_busy_LED</STRONG> (ARM, 32 bytes, Stack size 0 bytes, cpu_activity.o(.text))
<BR><BR>[Called By]<UL><LI><a href="#[b]">&gt;&gt;</a>&nbsp;&nbsp;&nbsp;main
<LI><a href="#[1d]">&gt;&gt;</a>&nbsp;&nbsp;&nbsp;gfx_boot
</UL>

<P><STRONG><a name="[3a]"></a>app_desktop_renderscreen</STRONG> (ARM, 24 bytes, Stack size 8 bytes, desktop.o(.text))
<BR><BR>[Stack]<UL><LI>Max Depth = 80<LI>Call Chain = app_desktop_renderscreen &rArr; app_clock &rArr; app_clock_renderscreen &rArr; gfx_sd_bmp
</UL>
<BR>[Calls]<UL><LI><a href="#[3b]">&gt;&gt;</a>&nbsp;&nbsp;&nbsp;sys_statusbar_render
<LI><a href="#[3c]">&gt;&gt;</a>&nbsp;&nbsp;&nbsp;app_clock
<LI><a href="#[22]">&gt;&gt;</a>&nbsp;&nbsp;&nbsp;gfx_clearscreen
</UL>
<BR>[Called By]<UL><LI><a href="#[39]">&gt;&gt;</a>&nbsp;&nbsp;&nbsp;app_desktop
</UL>

<P><STRONG><a name="[39]"></a>app_desktop</STRONG> (ARM, 16 bytes, Stack size 8 bytes, desktop.o(.text))
<BR><BR>[Stack]<UL><LI>Max Depth = 88<LI>Call Chain = app_desktop &rArr; app_desktop_renderscreen &rArr; app_clock &rArr; app_clock_renderscreen &rArr; gfx_sd_bmp
</UL>
<BR>[Calls]<UL><LI><a href="#[3a]">&gt;&gt;</a>&nbsp;&nbsp;&nbsp;app_desktop_renderscreen
</UL>
<BR>[Called By]<UL><LI><a href="#[b]">&gt;&gt;</a>&nbsp;&nbsp;&nbsp;main
</UL>

<P><STRONG><a name="[3b]"></a>sys_statusbar_render</STRONG> (ARM, 48 bytes, Stack size 16 bytes, statusbar.o(.text))
<BR><BR>[Stack]<UL><LI>Max Depth = 48<LI>Call Chain = sys_statusbar_render &rArr; gfx_sd_bmp
</UL>
<BR>[Calls]<UL><LI><a href="#[35]">&gt;&gt;</a>&nbsp;&nbsp;&nbsp;gfx_sd_bmp
</UL>
<BR>[Called By]<UL><LI><a href="#[3c]">&gt;&gt;</a>&nbsp;&nbsp;&nbsp;app_clock
<LI><a href="#[3a]">&gt;&gt;</a>&nbsp;&nbsp;&nbsp;app_desktop_renderscreen
</UL>

<P><STRONG><a name="[3e]"></a>rtc_gettime</STRONG> (ARM, 44 bytes, Stack size 0 bytes, app_clock.o(.text))
<BR><BR>[Called By]<UL><LI><a href="#[3d]">&gt;&gt;</a>&nbsp;&nbsp;&nbsp;app_clock_renderscreen
</UL>

<P><STRONG><a name="[3d]"></a>app_clock_renderscreen</STRONG> (ARM, 272 bytes, Stack size 24 bytes, app_clock.o(.text))
<BR><BR>[Stack]<UL><LI>Max Depth = 56<LI>Call Chain = app_clock_renderscreen &rArr; gfx_sd_bmp
</UL>
<BR>[Calls]<UL><LI><a href="#[3f]">&gt;&gt;</a>&nbsp;&nbsp;&nbsp;__aeabi_idivmod
<LI><a href="#[3e]">&gt;&gt;</a>&nbsp;&nbsp;&nbsp;rtc_gettime
<LI><a href="#[35]">&gt;&gt;</a>&nbsp;&nbsp;&nbsp;gfx_sd_bmp
<LI><a href="#[22]">&gt;&gt;</a>&nbsp;&nbsp;&nbsp;gfx_clearscreen
</UL>
<BR>[Called By]<UL><LI><a href="#[3c]">&gt;&gt;</a>&nbsp;&nbsp;&nbsp;app_clock
</UL>

<P><STRONG><a name="[40]"></a>update_rtc</STRONG> (ARM, 68 bytes, Stack size 12 bytes, app_clock.o(.text))
<BR><BR>[Stack]<UL><LI>Max Depth = 12<LI>Call Chain = update_rtc
</UL>
<BR>[Called By]<UL><LI><a href="#[3c]">&gt;&gt;</a>&nbsp;&nbsp;&nbsp;app_clock
</UL>

<P><STRONG><a name="[3c]"></a>app_clock</STRONG> (ARM, 56 bytes, Stack size 16 bytes, app_clock.o(.text))
<BR><BR>[Stack]<UL><LI>Max Depth = 72<LI>Call Chain = app_clock &rArr; app_clock_renderscreen &rArr; gfx_sd_bmp
</UL>
<BR>[Calls]<UL><LI><a href="#[40]">&gt;&gt;</a>&nbsp;&nbsp;&nbsp;update_rtc
<LI><a href="#[3d]">&gt;&gt;</a>&nbsp;&nbsp;&nbsp;app_clock_renderscreen
<LI><a href="#[3b]">&gt;&gt;</a>&nbsp;&nbsp;&nbsp;sys_statusbar_render
</UL>
<BR>[Called By]<UL><LI><a href="#[3a]">&gt;&gt;</a>&nbsp;&nbsp;&nbsp;app_desktop_renderscreen
</UL>

<P><STRONG><a name="[66]"></a>rtc_getdate</STRONG> (ARM, 56 bytes, Stack size 0 bytes, app_clock.o(.text), UNUSED)

<P><STRONG><a name="[67]"></a>__aeabi_idiv</STRONG> (ARM, 0 bytes, Stack size 8 bytes, aeabi_sdiv.o(.text), UNUSED)

<P><STRONG><a name="[3f]"></a>__aeabi_idivmod</STRONG> (ARM, 384 bytes, Stack size 8 bytes, aeabi_sdiv.o(.text))
<BR><BR>[Stack]<UL><LI>Max Depth = 8<LI>Call Chain = __aeabi_idivmod
</UL>
<BR>[Called By]<UL><LI><a href="#[3d]">&gt;&gt;</a>&nbsp;&nbsp;&nbsp;app_clock_renderscreen
</UL>

<P><STRONG><a name="[68]"></a>__use_two_region_memory</STRONG> (Thumb, 2 bytes, Stack size 0 bytes, heapauxi.o(.text), UNUSED)

<P><STRONG><a name="[69]"></a>__rt_heap_escrow$2region</STRONG> (Thumb, 2 bytes, Stack size 0 bytes, heapauxi.o(.text), UNUSED)

<P><STRONG><a name="[6a]"></a>__rt_heap_expand$2region</STRONG> (Thumb, 2 bytes, Stack size 0 bytes, heapauxi.o(.text), UNUSED)

<P><STRONG><a name="[11]"></a>__user_setup_stackheap</STRONG> (ARM, 96 bytes, Stack size 8 bytes, sys_stackheap_outer.o(.text))
<BR><BR>[Stack]<UL><LI>Max Depth = 8 + Unknown Stack Size
<LI>Call Chain = __user_setup_stackheap
</UL>
<BR>[Calls]<UL><LI><a href="#[41]">&gt;&gt;</a>&nbsp;&nbsp;&nbsp;__user_perproc_libspace
<LI><a href="#[42]">&gt;&gt;</a>&nbsp;&nbsp;&nbsp;__user_initial_stackheap
</UL>
<BR>[Called By]<UL><LI><a href="#[10]">&gt;&gt;</a>&nbsp;&nbsp;&nbsp;__rt_entry_sh
</UL>

<P><STRONG><a name="[15]"></a>exit</STRONG> (Thumb, 12 bytes, Stack size 0 bytes, exit.o(.text))
<BR><BR>[Calls]<UL><LI><a href="#[44]">&gt;&gt;</a>&nbsp;&nbsp;&nbsp;__rt_exit (via Veneer)
<LI><a href="#[43]">&gt;&gt;</a>&nbsp;&nbsp;&nbsp;_call_atexit_fns (Weak Reference)
</UL>
<BR>[Called By]<UL><LI><a href="#[14]">&gt;&gt;</a>&nbsp;&nbsp;&nbsp;__rt_entry_main
</UL>

<P><STRONG><a name="[6b]"></a>__user_libspace</STRONG> (ARM, 12 bytes, Stack size 0 bytes, libspace.o(.text), UNUSED)

<P><STRONG><a name="[41]"></a>__user_perproc_libspace</STRONG> (ARM, 0 bytes, Stack size 0 bytes, libspace.o(.text))
<BR><BR>[Called By]<UL><LI><a href="#[11]">&gt;&gt;</a>&nbsp;&nbsp;&nbsp;__user_setup_stackheap
</UL>

<P><STRONG><a name="[6c]"></a>__user_perthread_libspace</STRONG> (ARM, 0 bytes, Stack size 0 bytes, libspace.o(.text), UNUSED)

<P><STRONG><a name="[19]"></a>_sys_exit</STRONG> (Thumb, 8 bytes, Stack size 0 bytes, sys_exit.o(.text))
<BR><BR>[Called By]<UL><LI><a href="#[18]">&gt;&gt;</a>&nbsp;&nbsp;&nbsp;__rt_exit_exit (via Veneer)
</UL>

<P><STRONG><a name="[6d]"></a>__I$use$semihosting</STRONG> (ARM, 0 bytes, Stack size 0 bytes, use_no_semi.o(.text), UNUSED)

<P><STRONG><a name="[6e]"></a>__use_no_semihosting_swi</STRONG> (ARM, 4 bytes, Stack size 0 bytes, use_no_semi.o(.text), UNUSED)

<P><STRONG><a name="[6f]"></a>__semihosting_library_function</STRONG> (ARM, 0 bytes, Stack size unknown bytes, indicate_semi.o(.text), UNUSED)
<P>
<H3>
Local Symbols
</H3>
<P><STRONG><a name="[4]"></a>Undef_Handler</STRONG> (ARM, 4 bytes, Stack size unknown bytes, startup.o(RESET))
<BR><BR>[Calls]<UL><LI><a href="#[4]">&gt;&gt;</a>&nbsp;&nbsp;&nbsp;Undef_Handler
</UL>
<BR>[Called By]<UL><LI><a href="#[4]">&gt;&gt;</a>&nbsp;&nbsp;&nbsp;Undef_Handler
</UL>
<BR>[Address Reference Count : 1]<UL><LI> startup.o(RESET)
</UL>
<P><STRONG><a name="[5]"></a>SWI_Handler</STRONG> (ARM, 4 bytes, Stack size unknown bytes, startup.o(RESET))
<BR><BR>[Calls]<UL><LI><a href="#[5]">&gt;&gt;</a>&nbsp;&nbsp;&nbsp;SWI_Handler
</UL>
<BR>[Called By]<UL><LI><a href="#[5]">&gt;&gt;</a>&nbsp;&nbsp;&nbsp;SWI_Handler
</UL>
<BR>[Address Reference Count : 1]<UL><LI> startup.o(RESET)
</UL>
<P><STRONG><a name="[6]"></a>PAbt_Handler</STRONG> (ARM, 4 bytes, Stack size unknown bytes, startup.o(RESET))
<BR><BR>[Calls]<UL><LI><a href="#[6]">&gt;&gt;</a>&nbsp;&nbsp;&nbsp;PAbt_Handler
</UL>
<BR>[Called By]<UL><LI><a href="#[6]">&gt;&gt;</a>&nbsp;&nbsp;&nbsp;PAbt_Handler
</UL>
<BR>[Address Reference Count : 1]<UL><LI> startup.o(RESET)
</UL>
<P><STRONG><a name="[7]"></a>DAbt_Handler</STRONG> (ARM, 4 bytes, Stack size unknown bytes, startup.o(RESET))
<BR><BR>[Calls]<UL><LI><a href="#[7]">&gt;&gt;</a>&nbsp;&nbsp;&nbsp;DAbt_Handler
</UL>
<BR>[Called By]<UL><LI><a href="#[7]">&gt;&gt;</a>&nbsp;&nbsp;&nbsp;DAbt_Handler
</UL>
<BR>[Address Reference Count : 1]<UL><LI> startup.o(RESET)
</UL>
<P><STRONG><a name="[8]"></a>IRQ_Handler</STRONG> (ARM, 4 bytes, Stack size unknown bytes, startup.o(RESET))
<BR><BR>[Calls]<UL><LI><a href="#[8]">&gt;&gt;</a>&nbsp;&nbsp;&nbsp;IRQ_Handler
</UL>
<BR>[Called By]<UL><LI><a href="#[8]">&gt;&gt;</a>&nbsp;&nbsp;&nbsp;IRQ_Handler
</UL>
<BR>[Address Reference Count : 1]<UL><LI> startup.o(RESET)
</UL>
<P><STRONG><a name="[9]"></a>FIQ_Handler</STRONG> (ARM, 4 bytes, Stack size unknown bytes, startup.o(RESET))
<BR><BR>[Calls]<UL><LI><a href="#[9]">&gt;&gt;</a>&nbsp;&nbsp;&nbsp;FIQ_Handler
</UL>
<BR>[Called By]<UL><LI><a href="#[9]">&gt;&gt;</a>&nbsp;&nbsp;&nbsp;FIQ_Handler
</UL>
<BR>[Address Reference Count : 1]<UL><LI> startup.o(RESET)
</UL><P>
<H3>
Undefined Global Symbols
</H3>
<P><STRONG><a name="[43]"></a>_call_atexit_fns</STRONG> (ARM, 0 bytes, Stack size 0 bytes, UNDEFINED)
<BR><BR>[Called By]<UL><LI><a href="#[15]">&gt;&gt;</a>&nbsp;&nbsp;&nbsp;exit
</UL>
<HR></body></html>
