<html>
<body>
<pre>
<h1>µVision Build Log</h1>
<h2>Project:</h2>
C:\Users\pratik2440\Desktop\Wearable tech\SYSTEM\GitHub v.0.0\Goldelox 1.0.uvproj
Project File Date:  05/07/2015

<h2>Output:</h2>
Build target 'Target 1'
compiling goldelox_core.c...
compiling goldelox_interface.c...
compiling main.c...
compiling graphics_objects.c...
compiling CPU_activity.c...
compiling app_test.c...
apps\app_test.c(46): warning:  #177-D: variable "radius" was declared but never referenced
linking...
Program Size: Code=4772 RO-data=32 RW-data=32 ZI-data=1256  
FromELF: creating hex file...
"Picture viewer.axf" - 0 Error(s), 1 Warning(s).
Clean started: Project: 'Goldelox 1.0'
   deleting intermediate output files for target 'Target 1'
Build target 'Target 1'
assembling Startup.s...
compiling goldelox_core.c...
compiling goldelox_interface.c...
compiling main.c...
sys_core/desktop.h(7): error:  #5: cannot open source input file "../apps/app_clock.h": No such file or directory
compiling graphics_objects.c...
compiling CPU_activity.c...
compiling app_test.c...
apps\app_test.c(46): warning:  #177-D: variable "radius" was declared but never referenced
Target not created
Build target 'Target 1'
compiling main.c...
linking...
Program Size: Code=4772 RO-data=32 RW-data=32 ZI-data=1256  
FromELF: creating hex file...
"Picture viewer.axf" - 0 Error(s), 0 Warning(s).
Build target 'Target 1'
compiling main.c...
main.c(37): error:  #5: cannot open source input file "sys_core/desktop.h": No such file or directory
compiling app_test.c...
apps\app_test.c(36): error:  #5: cannot open source input file "../sys_core/statusbar.h": No such file or directory
Target not created
Build target 'Target 1'
compiling main.c...
main.c(40): error:  #5: cannot open source input file "sys_core/radial_graph.h": No such file or directory
compiling app_test.c...
apps\app_test.c(36): error:  #5: cannot open source input file "../sys_core/statusbar.h": No such file or directory
Target not created
Build target 'Target 1'
compiling main.c...
compiling app_test.c...
apps\app_test.c(39): error:  #5: cannot open source input file "../sys_core/radial_graph.h": No such file or directory
Target not created
Build target 'Target 1'
compiling app_test.c...
apps\app_test.c(46): warning:  #177-D: variable "radius" was declared but never referenced
linking...
Program Size: Code=4772 RO-data=32 RW-data=32 ZI-data=1256  
FromELF: creating hex file...
"Picture viewer.axf" - 0 Error(s), 1 Warning(s).
Build target 'Target 1'
linking...
Program Size: Code=4772 RO-data=32 RW-data=32 ZI-data=1256  
FromELF: creating hex file...
"Picture viewer.axf" - 0 Error(s), 0 Warning(s).
Build target 'Target 1'
compiling goldelox_core.c...
compiling goldelox_interface.c...
compiling main.c...
compiling graphics_objects.c...
compiling CPU_activity.c...
compiling app_test.c...
apps\app_test.c(48): warning:  #177-D: variable "radius" was declared but never referenced
linking...
Program Size: Code=4772 RO-data=32 RW-data=32 ZI-data=1256  
FromELF: creating hex file...
"Picture viewer.axf" - 0 Error(s), 1 Warning(s).
Clean started: Project: 'Goldelox 1.0'
   deleting intermediate output files for target 'Target 1'
